
> nextjs@0.1.0 build
> next build

  ▲ Next.js 14.2.35
  - Environments: .env.local

   Creating an optimized production build ...

[1m[33mwarn[39m[22m - The class `ease-[cubic-bezier(0.22,1,0.36,1)]` is ambiguous and matches multiple utilities.
[1m[33mwarn[39m[22m - If this is content and not a class, replace it with `ease-&lsqb;cubic-bezier(0.22,1,0.36,1)&rsqb;` to silence this warning.
 ✓ Compiled successfully
   Skipping linting
   Checking validity of types ...
   Collecting page data ...
   Generating static pages (0/47) ...
   Generating static pages (11/47) 
   Generating static pages (23/47) 
   Generating static pages (35/47) 
 ✓ Generating static pages (47/47)
   Finalizing page optimization ...
   Collecting build traces ...

Route (app)                              Size     First Load JS
┌ ○ /                                    97.3 kB         332 kB
├ ○ /_not-found                          880 B          88.8 kB
├ ƒ /api/checkout/xendit                 0 B                0 B
├ ƒ /api/checkout/xendit/verify          0 B                0 B
├ ƒ /api/orders/[code]                   0 B                0 B
├ ƒ /api/profile                         0 B                0 B
├ ƒ /api/profile/addresses               0 B                0 B
├ ƒ /api/profile/avatar                  0 B                0 B
├ ƒ /api/subscriptions/xendit            0 B                0 B
├ ƒ /api/subscriptions/xendit/verify     0 B                0 B
├ ƒ /api/webhooks/xendit                 0 B                0 B
├ ○ /auth/buat-sandi-baru                3.15 kB         150 kB
├ ○ /auth/callback                       928 B          88.9 kB
├ ○ /auth/forgotPassword                 2.69 kB         149 kB
├ ○ /auth/login                          157 B           173 kB
├ ○ /auth/login/penjual                  6.97 kB         217 kB
├ ○ /auth/register                       157 B           173 kB
├ ○ /auth/register/penjual               49.4 kB         292 kB
├ ○ /dashboard/penjual                   6.15 kB         251 kB
├ ○ /dashboard/penjual/langganan         6.09 kB         237 kB
├ ○ /dashboard/penjual/menu              15.2 kB         262 kB
├ ○ /dashboard/penjual/notifikasi        4.99 kB         236 kB
├ ○ /dashboard/penjual/pengaturan        5.95 kB         237 kB
├ ○ /dashboard/penjual/performa          13.3 kB         283 kB
├ ○ /dashboard/penjual/pesanan           6.09 kB         243 kB
├ ○ /dashboard/penjual/tambahMenu        10.4 kB         241 kB
├ ○ /dashboard/penjual/ulasan            4.45 kB         241 kB
├ ○ /detail/pesanan                      17.5 kB         263 kB
├ ○ /detail/pesanan/sukses               4.44 kB         246 kB
├ ○ /detail/product                      16.4 kB         256 kB
├ ○ /detail/toko                         15.1 kB         263 kB
├ ○ /home                                19.2 kB         270 kB
├ ○ /langganan/pembayaran                6.74 kB         167 kB
├ ƒ /langganan/sukses                    4.51 kB         165 kB
├ ● /makanan/[category]                  8.21 kB         243 kB
├   ├ /makanan/makanan-berat
├   ├ /makanan/jajanan
├   ├ /makanan/japanese
├   └ [+5 more paths]
├ ○ /notifikasi/pembeli                  9.6 kB          241 kB
├ ○ /profile                             14.7 kB         265 kB
├ ○ /riwayatPesanan                      23.4 kB         275 kB
└ ○ /toko                                7.84 kB         235 kB
+ First Load JS shared by all            88 kB
  ├ chunks/2117-7040598182cb0129.js      31.9 kB
  ├ chunks/fd9d1056-6b652e7f3c6021af.js  53.6 kB
  └ other shared chunks (total)          2.41 kB


○  (Static)   prerendered as static content
●  (SSG)      prerendered as static HTML (uses getStaticProps)
ƒ  (Dynamic)  server-rendered on demand

